# --------------------------------------------------- // System
uwsm                                                   # A standalone Wayland session manager
pipewire                                               # audio/video server
pipewire-alsa                                          # pipewire alsa client
pipewire-jack                                          # pipewire jack client
pipewire-pulse                                         # pipewire pulseaudio client
gstreamer-plugin-pipewire                              # pipewire gstreamer client
wireplumber                                            # pipewire session manager
pavucontrol                                            # pulseaudio volume control
pamixer                                                # pulseaudio cli mixer
networkmanager                                         # network manager
NetworkManager-applet                                  # network manager system tray utility
bluez                                                  # bluetooth protocol stack
bluez-tools                                            # bluetooth utility cli - opensuse
blueman                                                # bluetooth manager gui
brightnessctl                                          # screen brightness control
playerctl                                              # media controls
udiskie                                                # manage removable media

# --------------------------------------------------- // Display Manager
sddm                                                   # display manager for KDE plasma
libQt5QuickControls2-5                                 # for sddm theme ui elements
ibQt5QuickControls2-5                                  # for sddm theme ui elements
libQt5GraphicalEffects5                                # for sddm theme effects

# --------------------------------------------------- // Window Manager
hyprland                                               # wlroots-based wayland compositor
dunst                                                  # notification daemon
rofi                                                   # application launcher
waybar                                                 # system bar
swww                                                   # wallpaper
hyprlock                                               # lock screen
wlogout                                                # logout menu
grim                                                   # screenshot tool
hyprpicker                                             # color picker
slurp                                                  # region select for screenshot/screenshare
# satty                                                # Modern Screenshot Annotation - not exist in opensuse
cliphist                                               # clipboard manager
wl-clipboard                                           # Keep Wayland clipboard even after programs close (avoids crashes)
hyprsunset                                             # blue light filter

# --------------------------------------------------- // Dependencies
polkit-gnome                                           # authentication agent
xdg-desktop-portal-hyprland                            # xdg desktop portal for hyprland
xdg-desktop-portal-gtk                                 # file picker and dbus  integration
xdg-user-dirs                                          # Manage user directories like ~/Desktop and ~/Music
# pacman-contrib                                       # for system update check - no opensuse
parallel                                               # for parallel processing
jq                                                     # for json processing
imagemagick                                            # for image processing
libqt5-qtimageformats                                  # for dolphin image thumbnails
ffmpegthumbs                                           # for dolphin video thumbnails
kde-cli-tools5                                         # for dolphin file type defaults
libnotify                                              # for notifications
noto-coloremoji-fonts                                  # emoji font

# --------------------------------------------------- // Theming
nwg-look                                               # gtk configuration tool
qt5ct                                                  # qt5 configuration tool
qt6ct                                                  # qt6 configuration tool
kvantum                                                # svg based qt6 theme engine
kvantum-qt5                                            # svg based qt5 theme engine
libqt5-qtwayland                                       # wayland support in qt5
qt6-wayland                                            # wayland support in qt6

# --------------------------------------------------- // Applications
MozillaFirefox                                         # browser
kitty                                                  # terminal
dolphin                                                # kde file manager
ark                                                    # kde file archiver
unzip                                                  # extracting zip files
nwg-displays                                           # monitor management utility
fzf                                                    # Command-line fuzzy finder

# --------------------------------------------------- // Shell
starship|zsh                                           # customizable shell prompt written in Rust
# starship-git                                         # The cross-shell prompt for astronauts  
starship|fish                                          # customizable shell prompt

fastfetch                                              # system information fetch tool

# --------------------------------------------------- // HyDE
hypridle                                               # idle daemon
